// Jest Snapshot v1, https://goo.gl/fbAQLP

exports[`The ApplicantName component renders without errors 1`] = `
ShallowWrapper {
  "complexSelector": ComplexSelector {
    "buildPredicate": [Function],
    "childrenOfNode": [Function],
    "findWhereUnwrapped": [Function],
  },
  "length": 1,
  "node": <div
    className="section-content applicant-name"
    data-section="identification"
    data-subsection="name"
  >
    <h1
      className="section-header"
    >
      Full name
    </h1>
    <Field
      adjustFor=""
      className=""
      comments={false}
      commentsActive={false}
      commentsAdd="comments.add"
      commentsName="Comments"
      commentsRemove="comments.remove"
      commentsRequired={false}
      commentsValue={Object {}}
      errorPrefix=""
      errors={Array []}
      filterErrors={[Function]}
      help=""
      helpActive={false}
      optional={true}
      optionalText=""
      scrollIntoView={true}
      shrink={false}
      title="Provide your full name"
      titleSize="h4"
      validate={true}
    >
      <Name
        error={false}
        errorCodes={Array []}
        first=""
        firstInitialOnly={false}
        focus={false}
        hideMiddleName={false}
        last=""
        middle=""
        middleInitialOnly={false}
        name="name"
        noMiddleName={false}
        onError={[Function]}
        onUpdate={[Function]}
        prefix="name"
        required={false}
        suffix=""
        suffixOther=""
        valid={false}
      />
    </Field>
  </div>,
  "nodes": Array [
    <div
      className="section-content applicant-name"
      data-section="identification"
      data-subsection="name"
    >
      <h1
        className="section-header"
      >
        Full name
      </h1>
      <Field
        adjustFor=""
        className=""
        comments={false}
        commentsActive={false}
        commentsAdd="comments.add"
        commentsName="Comments"
        commentsRemove="comments.remove"
        commentsRequired={false}
        commentsValue={Object {}}
        errorPrefix=""
        errors={Array []}
        filterErrors={[Function]}
        help=""
        helpActive={false}
        optional={true}
        optionalText=""
        scrollIntoView={true}
        shrink={false}
        title="Provide your full name"
        titleSize="h4"
        validate={true}
      >
        <Name
          error={false}
          errorCodes={Array []}
          first=""
          firstInitialOnly={false}
          focus={false}
          hideMiddleName={false}
          last=""
          middle=""
          middleInitialOnly={false}
          name="name"
          noMiddleName={false}
          onError={[Function]}
          onUpdate={[Function]}
          prefix="name"
          required={false}
          suffix=""
          suffixOther=""
          valid={false}
        />
      </Field>
    </div>,
  ],
  "options": Object {},
  "renderer": ReactShallowRenderer {
    "_instance": ShallowComponentWrapper {
      "_calledComponentWillUnmount": false,
      "_compositeType": 0,
      "_context": Object {},
      "_currentElement": <ApplicantName
        Name={Object {}}
        dispatch={[Function]}
        onError={[Function]}
        onUpdate={[Function]}
        required={false}
        validator={[Function]}
      />,
      "_debugID": 1,
      "_hostContainerInfo": null,
      "_hostParent": null,
      "_instance": ApplicantName {
        "_reactInternalInstance": [Circular],
        "context": Object {},
        "handleCompletion": [Function],
        "handleError": [Function],
        "props": Object {
          "Name": Object {},
          "dispatch": [Function],
          "onError": [Function],
          "onUpdate": [Function],
          "required": false,
          "validator": [Function],
        },
        "refs": Object {},
        "section": "identification",
        "state": null,
        "store": "Identification",
        "storeKey": "ApplicantName",
        "subsection": "name",
        "update": [Function],
        "updateName": [Function],
        "updater": Object {
          "enqueueCallback": [Function],
          "enqueueCallbackInternal": [Function],
          "enqueueElementInternal": [Function],
          "enqueueForceUpdate": [Function],
          "enqueueReplaceState": [Function],
          "enqueueSetState": [Function],
          "isMounted": [Function],
          "validateCallback": [Function],
        },
      },
      "_mountOrder": 1,
      "_pendingCallbacks": null,
      "_pendingElement": null,
      "_pendingForceUpdate": false,
      "_pendingReplaceState": false,
      "_pendingStateQueue": null,
      "_renderedComponent": NoopInternalComponent {
        "_currentElement": <div
          className="section-content applicant-name"
          data-section="identification"
          data-subsection="name"
        >
          <h1
            className="section-header"
          >
            Full name
          </h1>
          <Field
            adjustFor=""
            className=""
            comments={false}
            commentsActive={false}
            commentsAdd="comments.add"
            commentsName="Comments"
            commentsRemove="comments.remove"
            commentsRequired={false}
            commentsValue={Object {}}
            errorPrefix=""
            errors={Array []}
            filterErrors={[Function]}
            help=""
            helpActive={false}
            optional={true}
            optionalText=""
            scrollIntoView={true}
            shrink={false}
            title="Provide your full name"
            titleSize="h4"
            validate={true}
          >
            <Name
              error={false}
              errorCodes={Array []}
              first=""
              firstInitialOnly={false}
              focus={false}
              hideMiddleName={false}
              last=""
              middle=""
              middleInitialOnly={false}
              name="name"
              noMiddleName={false}
              onError={[Function]}
              onUpdate={[Function]}
              prefix="name"
              required={false}
              suffix=""
              suffixOther=""
              valid={false}
            />
          </Field>
        </div>,
        "_debugID": 2,
        "_renderedOutput": <div
          className="section-content applicant-name"
          data-section="identification"
          data-subsection="name"
        >
          <h1
            className="section-header"
          >
            Full name
          </h1>
          <Field
            adjustFor=""
            className=""
            comments={false}
            commentsActive={false}
            commentsAdd="comments.add"
            commentsName="Comments"
            commentsRemove="comments.remove"
            commentsRequired={false}
            commentsValue={Object {}}
            errorPrefix=""
            errors={Array []}
            filterErrors={[Function]}
            help=""
            helpActive={false}
            optional={true}
            optionalText=""
            scrollIntoView={true}
            shrink={false}
            title="Provide your full name"
            titleSize="h4"
            validate={true}
          >
            <Name
              error={false}
              errorCodes={Array []}
              first=""
              firstInitialOnly={false}
              focus={false}
              hideMiddleName={false}
              last=""
              middle=""
              middleInitialOnly={false}
              name="name"
              noMiddleName={false}
              onError={[Function]}
              onUpdate={[Function]}
              prefix="name"
              required={false}
              suffix=""
              suffixOther=""
              valid={false}
            />
          </Field>
        </div>,
      },
      "_renderedNodeType": 0,
      "_rootNodeID": 0,
      "_topLevelWrapper": null,
      "_updateBatchNumber": null,
      "_warnedAboutRefsInRender": false,
    },
    "getRenderOutput": [Function],
    "render": [Function],
  },
  "root": [Circular],
  "unrendered": <ApplicantName
    Name={Object {}}
    dispatch={[Function]}
    onError={[Function]}
    onUpdate={[Function]}
    required={false}
    validator={[Function]}
  />,
}
`;
