// Jest Snapshot v1, https://goo.gl/fbAQLP

exports[`Identification Review renders without errors 1`] = `
ShallowWrapper {
  "complexSelector": ComplexSelector {
    "buildPredicate": [Function],
    "childrenOfNode": [Function],
    "findWhereUnwrapped": [Function],
  },
  "length": 1,
  "node": <div>
    <Connect(ConnectedIdentificationSection)
      required={true}
      scrollIntoView={false}
    />
    <hr
      className="section-divider"
    />
    <Connect(ConnectedIdentificationSection)
      required={true}
      scrollIntoView={false}
    />
    <hr
      className="section-divider"
    />
    <Connect(ConnectedIdentificationSection)
      required={true}
      scrollIntoView={false}
    />
    <hr
      className="section-divider"
    />
    <Connect(ConnectedIdentificationSection)
      required={true}
      scrollIntoView={false}
    />
    <hr
      className="section-divider"
    />
    <Connect(ConnectedIdentificationSection)
      required={true}
      scrollIntoView={false}
    />
    <hr
      className="section-divider"
    />
    <Connect(ConnectedIdentificationSection)
      required={true}
      scrollIntoView={false}
      shouldFilterEmptyItems={true}
    />
    <hr
      className="section-divider"
    />
    <Connect(ConnectedIdentificationSection)
      required={true}
      scrollIntoView={false}
    />
  </div>,
  "nodes": Array [
    <div>
      <Connect(ConnectedIdentificationSection)
        required={true}
        scrollIntoView={false}
      />
      <hr
        className="section-divider"
      />
      <Connect(ConnectedIdentificationSection)
        required={true}
        scrollIntoView={false}
      />
      <hr
        className="section-divider"
      />
      <Connect(ConnectedIdentificationSection)
        required={true}
        scrollIntoView={false}
      />
      <hr
        className="section-divider"
      />
      <Connect(ConnectedIdentificationSection)
        required={true}
        scrollIntoView={false}
      />
      <hr
        className="section-divider"
      />
      <Connect(ConnectedIdentificationSection)
        required={true}
        scrollIntoView={false}
      />
      <hr
        className="section-divider"
      />
      <Connect(ConnectedIdentificationSection)
        required={true}
        scrollIntoView={false}
        shouldFilterEmptyItems={true}
      />
      <hr
        className="section-divider"
      />
      <Connect(ConnectedIdentificationSection)
        required={true}
        scrollIntoView={false}
      />
    </div>,
  ],
  "options": Object {},
  "renderer": ReactShallowRenderer {
    "_instance": ShallowComponentWrapper {
      "_calledComponentWillUnmount": false,
      "_compositeType": 2,
      "_context": Object {},
      "_currentElement": <Review />,
      "_debugID": 1,
      "_hostContainerInfo": null,
      "_hostParent": null,
      "_instance": StatelessComponent {
        "_reactInternalInstance": [Circular],
        "context": Object {},
        "props": Object {},
        "refs": Object {},
        "state": null,
        "updater": Object {
          "enqueueCallback": [Function],
          "enqueueCallbackInternal": [Function],
          "enqueueElementInternal": [Function],
          "enqueueForceUpdate": [Function],
          "enqueueReplaceState": [Function],
          "enqueueSetState": [Function],
          "isMounted": [Function],
          "validateCallback": [Function],
        },
      },
      "_mountOrder": 1,
      "_pendingCallbacks": null,
      "_pendingElement": null,
      "_pendingForceUpdate": false,
      "_pendingReplaceState": false,
      "_pendingStateQueue": null,
      "_renderedComponent": NoopInternalComponent {
        "_currentElement": <div>
          <Connect(ConnectedIdentificationSection)
            required={true}
            scrollIntoView={false}
          />
          <hr
            className="section-divider"
          />
          <Connect(ConnectedIdentificationSection)
            required={true}
            scrollIntoView={false}
          />
          <hr
            className="section-divider"
          />
          <Connect(ConnectedIdentificationSection)
            required={true}
            scrollIntoView={false}
          />
          <hr
            className="section-divider"
          />
          <Connect(ConnectedIdentificationSection)
            required={true}
            scrollIntoView={false}
          />
          <hr
            className="section-divider"
          />
          <Connect(ConnectedIdentificationSection)
            required={true}
            scrollIntoView={false}
          />
          <hr
            className="section-divider"
          />
          <Connect(ConnectedIdentificationSection)
            required={true}
            scrollIntoView={false}
            shouldFilterEmptyItems={true}
          />
          <hr
            className="section-divider"
          />
          <Connect(ConnectedIdentificationSection)
            required={true}
            scrollIntoView={false}
          />
        </div>,
        "_debugID": 2,
        "_renderedOutput": <div>
          <Connect(ConnectedIdentificationSection)
            required={true}
            scrollIntoView={false}
          />
          <hr
            className="section-divider"
          />
          <Connect(ConnectedIdentificationSection)
            required={true}
            scrollIntoView={false}
          />
          <hr
            className="section-divider"
          />
          <Connect(ConnectedIdentificationSection)
            required={true}
            scrollIntoView={false}
          />
          <hr
            className="section-divider"
          />
          <Connect(ConnectedIdentificationSection)
            required={true}
            scrollIntoView={false}
          />
          <hr
            className="section-divider"
          />
          <Connect(ConnectedIdentificationSection)
            required={true}
            scrollIntoView={false}
          />
          <hr
            className="section-divider"
          />
          <Connect(ConnectedIdentificationSection)
            required={true}
            scrollIntoView={false}
            shouldFilterEmptyItems={true}
          />
          <hr
            className="section-divider"
          />
          <Connect(ConnectedIdentificationSection)
            required={true}
            scrollIntoView={false}
          />
        </div>,
      },
      "_renderedNodeType": 0,
      "_rootNodeID": 0,
      "_topLevelWrapper": null,
      "_updateBatchNumber": null,
      "_warnedAboutRefsInRender": false,
    },
    "getRenderOutput": [Function],
    "render": [Function],
  },
  "root": [Circular],
  "unrendered": <Review />,
}
`;
