// Jest Snapshot v1, https://goo.gl/fbAQLP

exports[`The EducationSummaryProgress component renders without errors 1`] = `
ShallowWrapper {
  "complexSelector": ComplexSelector {
    "buildPredicate": [Function],
    "childrenOfNode": [Function],
    "findWhereUnwrapped": [Function],
  },
  "length": 1,
  "node": <SummaryCounter
    className="education"
    diplomas={[Function]}
    diplomasLabel="Degrees/Diplomas earned"
    schools={[Function]}
    schoolsLabel="Schools attended"
    title="Where you went to school"
    total={10}
  >
    <div
      className="summary-icon"
    >
      <Svg
        alt="Years covered for schools attended"
        src="/img/school-cap.svg"
      />
    </div>
  </SummaryCounter>,
  "nodes": Array [
    <SummaryCounter
      className="education"
      diplomas={[Function]}
      diplomasLabel="Degrees/Diplomas earned"
      schools={[Function]}
      schoolsLabel="Schools attended"
      title="Where you went to school"
      total={10}
    >
      <div
        className="summary-icon"
      >
        <Svg
          alt="Years covered for schools attended"
          src="/img/school-cap.svg"
        />
      </div>
    </SummaryCounter>,
  ],
  "options": Object {},
  "renderer": ReactShallowRenderer {
    "_instance": ShallowComponentWrapper {
      "_calledComponentWillUnmount": false,
      "_compositeType": 2,
      "_context": Object {},
      "_currentElement": <EducationSummaryProgress
        Birthdate={null}
        Education={null}
        years={10}
      />,
      "_debugID": 1,
      "_hostContainerInfo": null,
      "_hostParent": null,
      "_instance": StatelessComponent {
        "_reactInternalInstance": [Circular],
        "context": Object {},
        "props": Object {
          "Birthdate": null,
          "Education": null,
          "years": 10,
        },
        "refs": Object {},
        "state": null,
        "updater": Object {
          "enqueueCallback": [Function],
          "enqueueCallbackInternal": [Function],
          "enqueueElementInternal": [Function],
          "enqueueForceUpdate": [Function],
          "enqueueReplaceState": [Function],
          "enqueueSetState": [Function],
          "isMounted": [Function],
          "validateCallback": [Function],
        },
      },
      "_mountOrder": 1,
      "_pendingCallbacks": null,
      "_pendingElement": null,
      "_pendingForceUpdate": false,
      "_pendingReplaceState": false,
      "_pendingStateQueue": null,
      "_renderedComponent": NoopInternalComponent {
        "_currentElement": <SummaryCounter
          className="education"
          diplomas={[Function]}
          diplomasLabel="Degrees/Diplomas earned"
          schools={[Function]}
          schoolsLabel="Schools attended"
          title="Where you went to school"
          total={10}
        >
          <div
            className="summary-icon"
          >
            <Svg
              alt="Years covered for schools attended"
              src="/img/school-cap.svg"
            />
          </div>
        </SummaryCounter>,
        "_debugID": 2,
        "_renderedOutput": <SummaryCounter
          className="education"
          diplomas={[Function]}
          diplomasLabel="Degrees/Diplomas earned"
          schools={[Function]}
          schoolsLabel="Schools attended"
          title="Where you went to school"
          total={10}
        >
          <div
            className="summary-icon"
          >
            <Svg
              alt="Years covered for schools attended"
              src="/img/school-cap.svg"
            />
          </div>
        </SummaryCounter>,
      },
      "_renderedNodeType": 1,
      "_rootNodeID": 0,
      "_topLevelWrapper": null,
      "_updateBatchNumber": null,
      "_warnedAboutRefsInRender": false,
    },
    "getRenderOutput": [Function],
    "render": [Function],
  },
  "root": [Circular],
  "unrendered": <EducationSummaryProgress
    Birthdate={null}
    Education={null}
    years={10}
  />,
}
`;
