// Jest Snapshot v1, https://goo.gl/fbAQLP

exports[`The ResidenceSummaryProgress component renders without errors 1`] = `
ShallowWrapper {
  "complexSelector": ComplexSelector {
    "buildPredicate": [Function],
    "childrenOfNode": [Function],
    "findWhereUnwrapped": [Function],
  },
  "length": 1,
  "node": <SummaryProgress
    List={[Function]}
    className="residence"
    title="Where you have lived"
    total={10}
    unit="Years covered"
  >
    <div
      className="summary-icon"
    >
      <Svg
        alt="Years covered for locations you have lived"
        src="/img/residence-house.svg"
      />
    </div>
  </SummaryProgress>,
  "nodes": Array [
    <SummaryProgress
      List={[Function]}
      className="residence"
      title="Where you have lived"
      total={10}
      unit="Years covered"
    >
      <div
        className="summary-icon"
      >
        <Svg
          alt="Years covered for locations you have lived"
          src="/img/residence-house.svg"
        />
      </div>
    </SummaryProgress>,
  ],
  "options": Object {},
  "renderer": ReactShallowRenderer {
    "_instance": ShallowComponentWrapper {
      "_calledComponentWillUnmount": false,
      "_compositeType": 2,
      "_context": Object {},
      "_currentElement": <ResidenceSummaryProgress
        years={10}
      />,
      "_debugID": 1,
      "_hostContainerInfo": null,
      "_hostParent": null,
      "_instance": StatelessComponent {
        "_reactInternalInstance": [Circular],
        "context": Object {},
        "props": Object {
          "Birthdate": undefined,
          "Residence": undefined,
          "years": 10,
        },
        "refs": Object {},
        "state": null,
        "updater": Object {
          "enqueueCallback": [Function],
          "enqueueCallbackInternal": [Function],
          "enqueueElementInternal": [Function],
          "enqueueForceUpdate": [Function],
          "enqueueReplaceState": [Function],
          "enqueueSetState": [Function],
          "isMounted": [Function],
          "validateCallback": [Function],
        },
      },
      "_mountOrder": 1,
      "_pendingCallbacks": null,
      "_pendingElement": null,
      "_pendingForceUpdate": false,
      "_pendingReplaceState": false,
      "_pendingStateQueue": null,
      "_renderedComponent": NoopInternalComponent {
        "_currentElement": <SummaryProgress
          List={[Function]}
          className="residence"
          title="Where you have lived"
          total={10}
          unit="Years covered"
        >
          <div
            className="summary-icon"
          >
            <Svg
              alt="Years covered for locations you have lived"
              src="/img/residence-house.svg"
            />
          </div>
        </SummaryProgress>,
        "_debugID": 2,
        "_renderedOutput": <SummaryProgress
          List={[Function]}
          className="residence"
          title="Where you have lived"
          total={10}
          unit="Years covered"
        >
          <div
            className="summary-icon"
          >
            <Svg
              alt="Years covered for locations you have lived"
              src="/img/residence-house.svg"
            />
          </div>
        </SummaryProgress>,
      },
      "_renderedNodeType": 1,
      "_rootNodeID": 0,
      "_topLevelWrapper": null,
      "_updateBatchNumber": null,
      "_warnedAboutRefsInRender": false,
    },
    "getRenderOutput": [Function],
    "render": [Function],
  },
  "root": [Circular],
  "unrendered": <ResidenceSummaryProgress
    years={10}
  />,
}
`;
